2026-05-12 16:31:08,040 [INFO] ApprovalRadar - Initializing Database...
2026-05-12 16:31:08,053 [INFO] ApprovalRadar - Configuring APScheduler jobs...
2026-05-12 16:31:08,056 [INFO] ApprovalRadar - Adding initial catch-up scraper job to background...
2026-05-12 16:31:08,058 [INFO] ApprovalRadar - Starting DiffCrawler Delta Sync Job...
2026-05-12 16:31:08,058 [INFO] ApprovalRadar - APScheduler started successfully.
2026-05-12 16:31:08,924 [INFO] ApprovalRadar - ✨ [소요시간: 0.87초] 새로운 데이터가 감지되지 않았습니다. (현재 전체 데이터: 22415건)
2026-05-12 16:31:32,166 [INFO] ApprovalRadar - Shutting down APScheduler...
2026-05-12 16:31:36,212 [INFO] ApprovalRadar - Initializing Database...
2026-05-12 16:31:36,215 [INFO] ApprovalRadar - Configuring APScheduler jobs...
2026-05-12 16:31:36,218 [INFO] ApprovalRadar - Adding initial catch-up scraper job to background...
2026-05-12 16:31:36,221 [INFO] ApprovalRadar - APScheduler started successfully.
2026-05-12 16:31:36,221 [INFO] ApprovalRadar - Starting DiffCrawler Delta Sync Job...
2026-05-12 16:31:37,111 [INFO] ApprovalRadar - ✨ [소요시간: 0.89초] 새로운 데이터가 감지되지 않았습니다. (현재 전체 데이터: 22415건)
2026-05-12 16:32:14,488 [INFO] ApprovalRadar - Shutting down APScheduler...
2026-05-12 16:32:25,592 [INFO] ApprovalRadar - Initializing Database...
2026-05-12 16:32:25,595 [INFO] ApprovalRadar - Configuring APScheduler jobs...
2026-05-12 16:32:25,599 [INFO] ApprovalRadar - Adding initial catch-up scraper job to background...
2026-05-12 16:32:25,603 [INFO] ApprovalRadar - Starting DiffCrawler Delta Sync Job...
2026-05-12 16:32:25,603 [INFO] ApprovalRadar - APScheduler started successfully.
2026-05-12 16:32:26,480 [INFO] ApprovalRadar - ✨ [소요시간: 0.87초] 새로운 데이터가 감지되지 않았습니다. (현재 전체 데이터: 22415건)
2026-05-12 16:33:38,243 [INFO] ApprovalRadar - 
--- API 키 상태 점검 시작 (총 5개) ---
2026-05-12 16:33:39,150 [INFO] ApprovalRadar - Key 1 (eb5ae***223): [bold green]정상 동작 (Active)[/bold green]
2026-05-12 16:33:40,624 [INFO] ApprovalRadar - Key 2 (f1282***819): [bold green]정상 동작 (Active)[/bold green]
2026-05-12 16:33:42,100 [INFO] ApprovalRadar - Key 3 (ba698***a3e): [bold green]정상 동작 (Active)[/bold green]
2026-05-12 16:33:43,593 [INFO] ApprovalRadar - Key 4 (67f07***ed9): [bold green]정상 동작 (Active)[/bold green]
2026-05-12 16:33:45,031 [INFO] ApprovalRadar - Key 5 (e7b3f***785): [bold green]정상 동작 (Active)[/bold green]
2026-05-12 16:33:45,535 [INFO] ApprovalRadar - --- 점검 완료 ---

2026-05-12 16:33:56,070 [INFO] ApprovalRadar - [Bootstrapper] True Tail(실제 마지막 데이터) 찾는 중...
2026-05-12 16:34:14,520 [INFO] ApprovalRadar - [Bootstrapper] 전체 데이터 건수 확인 완료: 22415건
2026-05-12 16:34:59,747 [INFO] ApprovalRadar - Starting DiffCrawler Delta Sync Job...
2026-05-12 16:35:00,699 [INFO] ApprovalRadar - ✨ [소요시간: 0.95초] 새로운 데이터가 감지되지 않았습니다. (현재 전체 데이터: 22415건)
2026-05-12 19:08:40,056 [INFO] ApprovalRadar - Starting DiffCrawler Delta Sync Job for I2859...
2026-05-12 19:08:40,908 [INFO] ApprovalRadar - ✨ [소요시간: 0.85초] 새로운 데이터가 감지되지 않았습니다. (현재 전체 데이터: 22415건)
2026-05-12 19:08:40,910 [INFO] ApprovalRadar - Starting DiffCrawler Delta Sync Job for I2500...
2026-05-12 19:08:40,914 [INFO] ApprovalRadar - 최초 실행: 베이스라인 부트스트랩을 시작합니다...
2026-05-12 19:08:40,916 [INFO] ApprovalRadar - [Bootstrapper] True Tail(실제 마지막 데이터) 찾는 중...
2026-05-12 19:08:50,955 [WARNING] ApprovalRadar - [네트워크/응답 오류] HTTPConnectionPool(host='openapi.foodsafetykorea.go.kr', port=80): Read timed out. (read timeout=10). 1초 후 재시도합니다...
2026-05-12 19:08:52,020 [WARNING] ApprovalRadar - [네트워크/응답 오류] Expecting value: line 1 column 1 (char 0). 2초 후 재시도합니다...
2026-05-12 19:09:04,066 [WARNING] ApprovalRadar - [네트워크/응답 오류] HTTPConnectionPool(host='openapi.foodsafetykorea.go.kr', port=80): Read timed out. (read timeout=10). 4초 후 재시도합니다...
2026-05-12 19:09:09,012 [WARNING] ApprovalRadar - [네트워크/응답 오류] Expecting value: line 1 column 1 (char 0). 1초 후 재시도합니다...
2026-05-12 19:09:10,073 [WARNING] ApprovalRadar - [네트워크/응답 오류] Expecting value: line 1 column 1 (char 0). 2초 후 재시도합니다...
2026-05-12 19:09:22,119 [WARNING] ApprovalRadar - [네트워크/응답 오류] HTTPConnectionPool(host='openapi.foodsafetykorea.go.kr', port=80): Read timed out. (read timeout=10). 4초 후 재시도합니다...
2026-05-12 19:09:36,187 [WARNING] ApprovalRadar - [네트워크/응답 오류] HTTPConnectionPool(host='openapi.foodsafetykorea.go.kr', port=80): Read timed out. (read timeout=10). 8초 후 재시도합니다...
2026-05-12 19:09:55,037 [WARNING] ApprovalRadar - [네트워크/응답 오류] HTTPConnectionPool(host='openapi.foodsafetykorea.go.kr', port=80): Read timed out. (read timeout=10). 1초 후 재시도합니다...
2026-05-12 19:10:06,080 [WARNING] ApprovalRadar - [네트워크/응답 오류] HTTPConnectionPool(host='openapi.foodsafetykorea.go.kr', port=80): Read timed out. (read timeout=10). 2초 후 재시도합니다...
2026-05-12 19:10:09,123 [WARNING] ApprovalRadar - [네트워크/응답 오류] Expecting value: line 1 column 1 (char 0). 1초 후 재시도합니다...
2026-05-12 19:10:10,166 [WARNING] ApprovalRadar - [네트워크/응답 오류] Expecting value: line 1 column 1 (char 0). 2초 후 재시도합니다...
2026-05-12 19:10:22,209 [WARNING] ApprovalRadar - [네트워크/응답 오류] HTTPConnectionPool(host='openapi.foodsafetykorea.go.kr', port=80): Read timed out. (read timeout=10). 4초 후 재시도합니다...
2026-05-12 19:10:26,248 [WARNING] ApprovalRadar - [네트워크/응답 오류] Expecting value: line 1 column 1 (char 0). 8초 후 재시도합니다...
2026-05-12 19:10:45,122 [WARNING] ApprovalRadar - [네트워크/응답 오류] HTTPConnectionPool(host='openapi.foodsafetykorea.go.kr', port=80): Read timed out. (read timeout=10). 1초 후 재시도합니다...
2026-05-12 19:10:56,149 [WARNING] ApprovalRadar - [네트워크/응답 오류] HTTPConnectionPool(host='openapi.foodsafetykorea.go.kr', port=80): Read timed out. (read timeout=10). 2초 후 재시도합니다...
2026-05-12 19:11:08,188 [WARNING] ApprovalRadar - [네트워크/응답 오류] HTTPConnectionPool(host='openapi.foodsafetykorea.go.kr', port=80): Read timed out. (read timeout=10). 4초 후 재시도합니다...
2026-05-12 19:11:23,209 [WARNING] ApprovalRadar - [네트워크/응답 오류] HTTPConnectionPool(host='openapi.foodsafetykorea.go.kr', port=80): Read timed out. (read timeout=10). 1초 후 재시도합니다...
2026-05-12 19:11:24,267 [WARNING] ApprovalRadar - [네트워크/응답 오류] Expecting value: line 1 column 1 (char 0). 2초 후 재시도합니다...
2026-05-12 19:11:26,320 [WARNING] ApprovalRadar - [네트워크/응답 오류] Expecting value: line 1 column 1 (char 0). 4초 후 재시도합니다...
2026-05-12 19:11:40,365 [WARNING] ApprovalRadar - [네트워크/응답 오류] HTTPConnectionPool(host='openapi.foodsafetykorea.go.kr', port=80): Read timed out. (read timeout=10). 8초 후 재시도합니다...
2026-05-12 19:11:48,428 [WARNING] ApprovalRadar - [네트워크/응답 오류] Expecting value: line 1 column 1 (char 0). 16초 후 재시도합니다...
2026-05-12 19:12:04,436 [ERROR] ApprovalRadar - ❌ 최대 재시도 횟수(5) 초과. API 요청 완전 실패: 984375~984375
2026-05-12 19:12:04,437 [ERROR] ApprovalRadar - ❌ I2500 크롤러 스케줄 작업 중 치명적인 오류 발생: 식품나라 API 서버 통신 실패 (최대 재시도 초과): 984375~984375
2026-05-12 19:14:10,901 [INFO] ApprovalRadar - Starting Industry Type Backfill Job...
2026-05-12 19:14:10,915 [INFO] ApprovalRadar - 총 5685건의 세부업종 누락 데이터를 발견했습니다. 백필을 시작합니다.
2026-05-12 19:14:11,015 [WARNING] ApprovalRadar - [네트워크/응답 오류] Expecting value: line 1 column 1 (char 0). 1초 후 재시도합니다...
2026-05-12 19:14:12,078 [WARNING] ApprovalRadar - [네트워크/응답 오류] Expecting value: line 1 column 1 (char 0). 2초 후 재시도합니다...
2026-05-12 19:14:12,945 [WARNING] ApprovalRadar - [네트워크/응답 오류] Expecting value: line 1 column 1 (char 0). 1초 후 재시도합니다...
2026-05-12 19:14:14,003 [WARNING] ApprovalRadar - [네트워크/응답 오류] Expecting value: line 1 column 1 (char 0). 2초 후 재시도합니다...
2026-05-12 19:14:16,106 [WARNING] ApprovalRadar - [네트워크/응답 오류] Expecting value: line 1 column 1 (char 0). 1초 후 재시도합니다...
2026-05-12 19:14:16,206 [WARNING] ApprovalRadar - [네트워크/응답 오류] Expecting value: line 1 column 1 (char 0). 1초 후 재시도합니다...
2026-05-12 19:14:17,254 [WARNING] ApprovalRadar - [네트워크/응답 오류] Expecting value: line 1 column 1 (char 0). 2초 후 재시도합니다...
2026-05-12 19:14:19,308 [WARNING] ApprovalRadar - [네트워크/응답 오류] Expecting value: line 1 column 1 (char 0). 1초 후 재시도합니다...
2026-05-12 19:14:20,376 [WARNING] ApprovalRadar - [네트워크/응답 오류] Expecting value: line 1 column 1 (char 0). 2초 후 재시도합니다...
2026-05-12 19:14:21,199 [WARNING] ApprovalRadar - [네트워크/응답 오류] Expecting value: line 1 column 1 (char 0). 1초 후 재시도합니다...
2026-05-12 19:14:22,387 [WARNING] ApprovalRadar - [네트워크/응답 오류] Expecting value: line 1 column 1 (char 0). 1초 후 재시도합니다...
2026-05-12 19:14:23,447 [WARNING] ApprovalRadar - [네트워크/응답 오류] Expecting value: line 1 column 1 (char 0). 1초 후 재시도합니다...
2026-05-12 19:14:23,447 [WARNING] ApprovalRadar - [네트워크/응답 오류] Expecting value: line 1 column 1 (char 0). 2초 후 재시도합니다...
2026-05-12 19:14:24,510 [WARNING] ApprovalRadar - [네트워크/응답 오류] Expecting value: line 1 column 1 (char 0). 2초 후 재시도합니다...
2026-05-12 19:14:26,576 [WARNING] ApprovalRadar - [네트워크/응답 오류] Expecting value: line 1 column 1 (char 0). 4초 후 재시도합니다...
2026-05-12 19:14:28,283 [WARNING] ApprovalRadar - [네트워크/응답 오류] Expecting value: line 1 column 1 (char 0). 1초 후 재시도합니다...
2026-05-12 19:14:30,242 [WARNING] ApprovalRadar - [네트워크/응답 오류] Expecting value: line 1 column 1 (char 0). 1초 후 재시도합니다...
2026-05-12 19:14:31,028 [WARNING] ApprovalRadar - [네트워크/응답 오류] Expecting value: line 1 column 1 (char 0). 1초 후 재시도합니다...
2026-05-12 19:14:31,589 [WARNING] ApprovalRadar - [네트워크/응답 오류] Expecting value: line 1 column 1 (char 0). 1초 후 재시도합니다...
2026-05-12 19:14:33,732 [WARNING] ApprovalRadar - [네트워크/응답 오류] Expecting value: line 1 column 1 (char 0). 1초 후 재시도합니다...
2026-05-12 19:14:34,120 [WARNING] ApprovalRadar - [네트워크/응답 오류] Expecting value: line 1 column 1 (char 0). 1초 후 재시도합니다...
2026-05-12 19:14:35,180 [WARNING] ApprovalRadar - [네트워크/응답 오류] Expecting value: line 1 column 1 (char 0). 2초 후 재시도합니다...
2026-05-12 19:14:35,772 [WARNING] ApprovalRadar - [네트워크/응답 오류] Expecting value: line 1 column 1 (char 0). 1초 후 재시도합니다...
2026-05-12 19:14:37,244 [WARNING] ApprovalRadar - [네트워크/응답 오류] Expecting value: line 1 column 1 (char 0). 4초 후 재시도합니다...
2026-05-12 19:14:38,881 [WARNING] ApprovalRadar - [네트워크/응답 오류] Expecting value: line 1 column 1 (char 0). 1초 후 재시도합니다...
2026-05-12 19:14:39,940 [WARNING] ApprovalRadar - [네트워크/응답 오류] Expecting value: line 1 column 1 (char 0). 2초 후 재시도합니다...
2026-05-12 19:14:42,283 [WARNING] ApprovalRadar - [네트워크/응답 오류] Expecting value: line 1 column 1 (char 0). 1초 후 재시도합니다...
2026-05-12 19:14:43,383 [WARNING] ApprovalRadar - [네트워크/응답 오류] Expecting value: line 1 column 1 (char 0). 2초 후 재시도합니다...
2026-05-12 19:14:43,571 [WARNING] ApprovalRadar - [네트워크/응답 오류] Expecting value: line 1 column 1 (char 0). 1초 후 재시도합니다...
2026-05-12 19:14:44,632 [WARNING] ApprovalRadar - [네트워크/응답 오류] Expecting value: line 1 column 1 (char 0). 2초 후 재시도합니다...
2026-05-12 19:14:46,672 [WARNING] ApprovalRadar - [네트워크/응답 오류] Expecting value: line 1 column 1 (char 0). 4초 후 재시도합니다...
2026-05-12 19:14:46,840 [WARNING] ApprovalRadar - [네트워크/응답 오류] Expecting value: line 1 column 1 (char 0). 1초 후 재시도합니다...
2026-05-12 19:14:48,883 [WARNING] ApprovalRadar - [네트워크/응답 오류] Expecting value: line 1 column 1 (char 0). 1초 후 재시도합니다...
2026-05-12 19:14:51,224 [WARNING] ApprovalRadar - [네트워크/응답 오류] Expecting value: line 1 column 1 (char 0). 1초 후 재시도합니다...
2026-05-12 19:14:52,265 [WARNING] ApprovalRadar - [네트워크/응답 오류] Expecting value: line 1 column 1 (char 0). 2초 후 재시도합니다...
2026-05-12 19:14:52,787 [WARNING] ApprovalRadar - [네트워크/응답 오류] Expecting value: line 1 column 1 (char 0). 1초 후 재시도합니다...
2026-05-12 19:14:54,321 [WARNING] ApprovalRadar - [네트워크/응답 오류] Expecting value: line 1 column 1 (char 0). 4초 후 재시도합니다...
2026-05-12 19:14:55,750 [WARNING] ApprovalRadar - [네트워크/응답 오류] Expecting value: line 1 column 1 (char 0). 1초 후 재시도합니다...
2026-05-12 19:14:56,794 [WARNING] ApprovalRadar - [네트워크/응답 오류] Expecting value: line 1 column 1 (char 0). 2초 후 재시도합니다...
2026-05-12 19:14:58,383 [WARNING] ApprovalRadar - [네트워크/응답 오류] Expecting value: line 1 column 1 (char 0). 8초 후 재시도합니다...
2026-05-12 19:14:59,793 [WARNING] ApprovalRadar - [네트워크/응답 오류] Expecting value: line 1 column 1 (char 0). 1초 후 재시도합니다...
2026-05-12 19:15:03,451 [WARNING] ApprovalRadar - [네트워크/응답 오류] Expecting value: line 1 column 1 (char 0). 1초 후 재시도합니다...
